python : Traceback 
(most recent call 
last):
No linha:1 caractere:1
+ python test_bot_conn
ection.py > 
test_output.txt 2>&1; 
Get-Content tes ...
+ ~~~~~~~~~~~~~~~~~~~~
~~~~~~~~~~~~~~~~~~~~~~
~~~~~~~~~~
    + CategoryInfo    
          : NotSpeci  
  fied: (Traceback    
 (most recent call    
 last)::String) [    
], RemoteExceptio    n
    + FullyQualifiedE 
   rrorId : NativeCo  
  mmandError
 
  File "C:\Users\leona
\Downloads\Antigravity
JobBot\test_bot_connec
tion.py", line 111, 
in <module>
    success = 
test_bot_connection()
              
^^^^^^^^^^^^^^^^^^^^^
  File "C:\Users\leona
\Downloads\Antigravity
JobBot\test_bot_connec
tion.py", line 18, in 
test_bot_connection
    print("\U0001f50d 
Testando conex�o com 
o Telegram Bot 
API...\n")
  File "C:\Users\leona
\AppData\Local\Program
s\Python\Python312\Lib
\encodings\cp1252.py",
 line 19, in encode
    return codecs.char
map_encode(input,self.
errors,encoding_table)
[0]
           ^^^^^^^^^^^
^^^^^^^^^^^^^^^^^^^^^^
^^^^^^^^^^^^^^^^^^^^^^
UnicodeEncodeError: 
'charmap' codec can't 
encode character 
'\U0001f50d' in 
position 0: character 
maps to <undefined>
